\BOOKMARK [1][-]{section.1}{\376\377\000I\000n\000t\000r\000o\000d\000u\000c\000t\000i\000o\000n}{}% 1
\BOOKMARK [1][-]{section.2}{\376\377\000M\000e\000t\000h\000o\000d\000o\000l\000o\000g\000y}{}% 2
\BOOKMARK [2][-]{subsection.2.1}{\376\377\000D\0003\000Q\0001\0009\000\040\000l\000a\000t\000t\000i\000c\000e\000\040\000B\000o\000l\000t\000z\000m\000a\000n\000n}{section.2}% 3
\BOOKMARK [2][-]{subsection.2.2}{\376\377\000C\000o\000l\000l\000i\000s\000i\000o\000n\000\040\000o\000p\000e\000r\000a\000t\000o\000r\000s}{section.2}% 4
\BOOKMARK [3][-]{subsubsection.2.2.1}{\376\377\000B\000G\000K\000\040\000\050\000s\000i\000n\000g\000l\000e\000\040\000r\000e\000l\000a\000x\000a\000t\000i\000o\000n\000\040\000t\000i\000m\000e\000\051}{subsection.2.2}% 5
\BOOKMARK [3][-]{subsubsection.2.2.2}{\376\377\000M\000R\000T\000\040\000\050\000m\000u\000l\000t\000i\000p\000l\000e\000\040\000r\000e\000l\000a\000x\000a\000t\000i\000o\000n\000\040\000t\000i\000m\000e\000\051}{subsection.2.2}% 6
\BOOKMARK [2][-]{subsection.2.3}{\376\377\000B\000o\000u\000z\000i\000d\000i\000\040\000i\000n\000t\000e\000r\000p\000o\000l\000a\000t\000e\000d\000\040\000b\000o\000u\000n\000c\000e\000-\000b\000a\000c\000k}{section.2}% 7
\BOOKMARK [2][-]{subsection.2.4}{\376\377\000D\000i\000f\000f\000e\000r\000e\000n\000t\000i\000a\000b\000l\000e\000\040\000s\000o\000l\000i\000d\000\040\000r\000e\000p\000r\000e\000s\000e\000n\000t\000a\000t\000i\000o\000n}{section.2}% 8
\BOOKMARK [2][-]{subsection.2.5}{\376\377\000F\000o\000r\000c\000e\000\040\000c\000o\000m\000p\000u\000t\000a\000t\000i\000o\000n}{section.2}% 9
\BOOKMARK [2][-]{subsection.2.6}{\376\377\000B\000o\000u\000n\000d\000a\000r\000y\000\040\000c\000o\000n\000d\000i\000t\000i\000o\000n\000s}{section.2}% 10
\BOOKMARK [2][-]{subsection.2.7}{\376\377\000G\000r\000a\000d\000i\000e\000n\000t\000\040\000c\000h\000e\000c\000k\000p\000o\000i\000n\000t\000i\000n\000g}{section.2}% 11
\BOOKMARK [1][-]{section.3}{\376\377\000V\000a\000l\000i\000d\000a\000t\000i\000o\000n}{}% 12
\BOOKMARK [2][-]{subsection.3.1}{\376\377\000P\000o\000i\000s\000e\000u\000i\000l\000l\000e\000\040\000f\000l\000o\000w}{section.3}% 13
\BOOKMARK [2][-]{subsection.3.2}{\376\377\000S\000p\000h\000e\000r\000e\000\040\000d\000r\000a\000g\000\040\000a\000t\000\040\000R\000e\000\040\000=\000\040\0001\0000\0000}{section.3}% 14
\BOOKMARK [2][-]{subsection.3.3}{\376\377\000G\000r\000a\000d\000i\000e\000n\000t\000\040\000v\000e\000r\000i\000f\000i\000c\000a\000t\000i\000o\000n}{section.3}% 15
\BOOKMARK [1][-]{section.4}{\376\377\000S\000h\000a\000p\000e\000\040\000o\000p\000t\000i\000m\000i\000s\000a\000t\000i\000o\000n}{}% 16
\BOOKMARK [2][-]{subsection.4.1}{\376\377\000P\000r\000o\000b\000l\000e\000m\000\040\000s\000e\000t\000u\000p}{section.4}% 17
\BOOKMARK [2][-]{subsection.4.2}{\376\377\000O\000p\000t\000i\000m\000i\000s\000a\000t\000i\000o\000n\000\040\000r\000e\000s\000u\000l\000t\000s}{section.4}% 18
\BOOKMARK [2][-]{subsection.4.3}{\376\377\000B\000o\000u\000z\000i\000d\000i\000\040\000v\000s\000\040\000s\000t\000a\000n\000d\000a\000r\000d\000\040\000b\000o\000u\000n\000c\000e\000-\000b\000a\000c\000k}{section.4}% 19
\BOOKMARK [1][-]{section.5}{\376\377\000I\000m\000p\000l\000e\000m\000e\000n\000t\000a\000t\000i\000o\000n}{}% 20
\BOOKMARK [1][-]{section.6}{\376\377\000C\000o\000n\000c\000l\000u\000s\000i\000o\000n}{}% 21
